// Vitest Snapshot v1, https://vitest.dev/guide/snapshot.html

exports[`vitest config test > should handle empty configuration objects 1`] = `
"
import { defineConfig } from 'vite';
export default defineConfig({
  base: "/new-base"
});
"
`;

exports[`vitest config test should handle empty configuration objects 1`] = `
"
import { defineConfig } from 'vite';
export default defineConfig({
  base: "/new-base"
});
"
`;
